player
{
    start
    {
        position {10, 5}
        direction {180}
    }
}

texture
{
    name {Bricks}
    path {maps/textures/brick.png}
}

texture
{
    name {Camo}
    path {maps/textures/camo5.png}
}

texture
{
    name {W64b2}
    path {maps/textures/w64b_2.png}
}

texture
{
    name {W65b1}
    path {maps/textures/w65b_1.png}
}

texture
{
    name {Tp2}
    path {maps/textures/tp2_2.png}
}

texture
{
    name {Tile}
    path {maps/textures/tile.png}
}

texture
{
    name {Ceil3}
    path {maps/textures/ceil3_1.png}
}

sector
{
    outline
    {
        vertices 
        {
            {0, 0 {{Bricks} {6, 9}}}
            {0, 100} {100, 100} {100, 0} {300, 0} {300, -300} {100, -300} {100, -350} {250, -350} {250, -400} {0, -400} {0, -300} {-200, -300} {-200, 0}
        }
    }

    elevation
    {
        ceiling {140}
        floor {15}
    }
    
    defaultWallTexture {Bricks}
    ceilingTexture {Bricks}
    floorTexture {Bricks}
    
    light
    {
        constant {140}
    }
}

sector
{
    outline
    {
        vertices {{100, -100} {200, -100} {200, -200} {100, -200}}
    }

    elevation
    {
        ceiling {110}
        floor {30}
    }
    
    defaultWallTexture {Tp2}
    ceilingTexture {Tp2}
    floorTexture {Tp2}
}

sector
{
    outline
    {
        vertices {{150, -150} {190, -150} {190, -190} {150, -190}}
    }

    elevation
    {
        ceiling {95}
        floor {45}
    }
    
    defaultWallTexture {Tp2}
    ceilingTexture {Tp2}
    floorTexture {Tp2}
}

sector
{
    outline
    {
        vertices {{170, -170} {190, -170} {190, -190} {170, -190}}
    }

    elevation
    {
        ceiling {70}
        floor {60}
    }
    
    defaultWallTexture {Tp2}
    ceilingTexture {Tp2}
    floorTexture {Tp2}
}

sector
{
    outline
    {
        vertices {{-200, -200 {noTexture}} {-200, -110} {-150, -110} {-150, -200}}
    }

    elevation
    {
        ceiling {130}
        floor {-20}
    }
    
    defaultWallTexture {W65b1}
    ceilingTexture {W65b1}
    floorTexture {W65b1}
    
    light
    {
        constant {130}
    }
}

sector
{
    outline
    {
        vertices {{-200, -200} {-200, -110} {-350, -110} {-350, -200}}
    }

    elevation
    {
        ceiling {120}
        floor {70}
    }
    
    defaultWallTexture {W64b2}
    ceilingTexture {W64b2}
    floorTexture {W64b2}
    
    light
    {
        flickering {25, 230}
    }
}

sector
{
    outline
    {
        vertices {{-200, -190} {-200, -180} {-210, -180} {-210, -190}}
    }

    elevation
    {
        ceiling {70}
        floor {70}
    }
    
    defaultWallTexture {Bricks}
    ceilingTexture {Bricks}
    floorTexture {Bricks}
}

sector
{
    outline
    {
        vertices {{-200, -170} {-200, -160} {-210, -160} {-210, -170}}
    }

    elevation
    {
        ceiling {70}
        floor {70}
    }
    
    defaultWallTexture {Bricks}
    ceilingTexture {Bricks}
    floorTexture {Bricks}
}

sector
{
    outline
    {
        vertices {{-200, -150} {-200, -140} {-210, -140} {-210, -150}}
    }

    elevation
    {
        ceiling {70}
        floor {70}
    }
    
    defaultWallTexture {Bricks}
    ceilingTexture {Bricks}
    floorTexture {Bricks}
}

sector
{
    outline
    {
        vertices {{-200, -130} {-200, -120} {-210, -120} {-210, -130}}
    }

    elevation
    {
        ceiling {70}
        floor {70}
    }
    
    defaultWallTexture {Bricks}
    ceilingTexture {Bricks}
    floorTexture {Bricks}
}

sector
{
    outline
    {
        vertices {{300, -200 {noTexture}} {300, -100} {450, -100} {450, -200}}
    }

    elevation
    {
        ceiling {140}
        floor {70}
    }
    
    defaultWallTexture {Camo}
    ceilingTexture {Camo}
    floorTexture {Camo}
}

sector
{
    outline
    {
        vertices {{450, -175 {noTexture}} {450, -125} {460, -125} {460, -175}}
    }

    elevation
    {
        ceiling {100}
        floor {90}
    }
    
    defaultWallTexture {W64b2}
    ceilingTexture {W64b2}
    floorTexture {W64b2}
}

sector
{
    outline
    {
        vertices {{450, -155 {noTexture}} {450, -145} {460, -145} {460, -155}}
    }

    elevation
    {
        ceiling {135}
        floor {75}
    }
    
    defaultWallTexture {W64b2}
    ceilingTexture {W64b2}
    floorTexture {W64b2}
}

sector
{
    outline
    {
        vertices {{-350, -145 {noTexture}} {-350, -165} {-335, -165} {-335, -145}}
    }

    elevation
    {
        ceiling {120}
        floor {90}
    }
    
    defaultWallTexture {Tp2}
    ceilingTexture {W64b2}
    floorTexture {Tp2}
}

sector
{
    outline
    {
        vertices {{-350, -150 {noTexture}} {-350, -160} {-340, -160} {-340, -150}}
    }

    elevation
    {
        ceiling {120}
        floor {70}
    }
    
    defaultWallTexture {Tp2}
    ceilingTexture {W64b2}
    floorTexture {Tp2}
}

sector
{
    outline
    {
        vertices {{-350, -190 {noTexture}} {-350, -120} {-360, -120} {-360, -190}}
    }

    elevation
    {
        ceiling {110}
        floor {100}
    }
    
    defaultWallTexture {Camo}
    ceilingTexture {Camo}
    floorTexture {Camo}
}

sector
{
    outline
    {
        vertices {{-100, -100} {-70, -100} {-70, -130} {-100, -130}}
    }

    elevation
    {
        ceiling {25}
        floor {15}
    }
    
    defaultWallTexture {Camo}
    ceilingTexture {Camo}
    floorTexture {Bricks}
}

sector
{
    outline
    {
        vertices {{-100, -200} {-70, -200} {-70, -230} {-100, -230}}
    }

    elevation
    {
        ceiling {140}
        floor {130}
    }
    
    defaultWallTexture {Tile}
    ceilingTexture {Tp2}
    floorTexture {Tp2}
}

sector
{
    outline
    {
        vertices {{-112, -188} {-58, -188} {-58, -242} {-112, -242}}
    }

    elevation
    {
        ceiling {145}
        floor {10}
    }
    
    defaultWallTexture {Tile}
    ceilingTexture {Tp2}
    floorTexture {Tp2}
}
