player
{
    start
    {
        position {5, 5}
        direction {180}
    }
}

sector
{
    outline
    {
        vertices {{0, 0} {0, 100} {100, 100} {100, 0} {300, 0} {300, -300} {100, -300} 
        {100, -350} {250, -350} {250, -400} {0, -400} {0, -300} {-200, -300} {-200, 0}}
    }

    elevation
    {
        ceiling {140}
        floor {15}
    }
}

sector
{
    outline
    {
        vertices {{100, -100} {200, -100} {200, -200} {100, -200}}
    }

    elevation
    {
        ceiling {110}
        floor {30}
    }
}

sector
{
    outline
    {
        vertices {{150, -150} {190, -150} {190, -190} {150, -190}}
    }

    elevation
    {
        ceiling {95}
        floor {45}
    }
}

sector
{
    outline
    {
        vertices {{170, -170} {190, -170} {190, -190} {170, -190}}
    }

    elevation
    {
        ceiling {70}
        floor {60}
    }
}

sector
{
    outline
    {
        vertices {{-200, -200} {-200, -110} {-150, -110} {-150, -200}}
    }

    elevation
    {
        ceiling {130}
        floor {-20}
    }
}

sector
{
    outline
    {
        vertices {{-200, -200} {-200, -110} {-350, -110} {-350, -200}}
    }

    elevation
    {
        ceiling {120}
        floor {70}
    }
}

sector
{
    outline
    {
        vertices {{-200, -190} {-200, -180} {-210, -180} {-210, -190}}
    }

    elevation
    {
        ceiling {70}
        floor {70}
    }
}

sector
{
    outline
    {
        vertices {{-200, -170} {-200, -160} {-210, -160} {-210, -170}}
    }

    elevation
    {
        ceiling {70}
        floor {70}
    }
}

sector
{
    outline
    {
        vertices {{-200, -150} {-200, -140} {-210, -140} {-210, -150}}
    }

    elevation
    {
        ceiling {70}
        floor {70}
    }
}

sector
{
    outline
    {
        vertices {{-200, -130} {-200, -120} {-210, -120} {-210, -130}}
    }

    elevation
    {
        ceiling {70}
        floor {70}
    }
}

sector
{
    outline
    {
        vertices {{300, -200} {300, -100} {450, -100} {450, -200}}
    }

    elevation
    {
        ceiling {140}
        floor {70}
    }
}

sector
{
    outline
    {
        vertices {{450, -175} {450, -125} {460, -125} {460, -175}}
    }

    elevation
    {
        ceiling {100}
        floor {90}
    }
}

sector
{
    outline
    {
        vertices {{450, -155} {450, -145} {460, -145} {460, -155}}
    }

    elevation
    {
        ceiling {135}
        floor {75}
    }
}

sector
{
    outline
    {
        vertices {{-350, -145} {-350, -165} {-335, -165} {-335, -145}}
    }

    elevation
    {
        ceiling {120}
        floor {90}
    }
}

sector
{
    outline
    {
        vertices {{-350, -150} {-350, -160} {-340, -160} {-340, -150}}
    }

    elevation
    {
        ceiling {120}
        floor {70}
    }
}

sector
{
    outline
    {
        vertices {{-350, -190} {-350, -120} {-360, -120} {-360, -190}}
    }

    elevation
    {
        ceiling {110}
        floor {100}
    }
}

sector
{
    outline
    {
        vertices {{-100, -100} {-70, -100} {-70, -130} {-100, -130}}
    }

    elevation
    {
        ceiling {25}
        floor {15}
    }
}

sector
{
    outline
    {
        vertices {{-100, -200} {-70, -200} {-70, -230} {-100, -230}}
    }

    elevation
    {
        ceiling {140}
        floor {130}
    }
}
