player
{
    start
    {
        position {50, 52}
        direction {180}
    }
}

sector
{
    outline
    {
        vertices {{0, 0} {0, 100} {100, 100} {100, 0} {300, 0} {300, -300} {100, -300} 
        {100, -350} {250, -350} {250, -400} {0, -400} {0, -300} {-200, -300} {-200, 0}}
    }

    elevation
    {
        ceiling {200}
        floor {15}
    }
}

sector
{
    outline
    {
        vertices {{100, -100} {200, -100} {200, -200} {100, -200}}
    }

    elevation
    {
        ceiling {200}
        floor {30}
    }
}

sector
{
    outline
    {
        vertices {{150, -150} {190, -150} {190, -190} {150, -190}}
    }

    elevation
    {
        ceiling {200}
        floor {45}
    }
}

sector
{
    outline
    {
        vertices {{170, -170} {190, -170} {190, -190} {170, -190}}
    }

    elevation
    {
        ceiling {200}
        floor {60}
    }
}

sector
{
    outline
    {
        vertices {{-200, -200} {-200, -100} {-150, -100} {-150, -200}}
    }

    elevation
    {
        ceiling {150}
        floor {-20}
    }
}

sector
{
    outline
    {
        vertices {{300, -200} {300, -100} {450, -100} {450, -200}}
    }

    elevation
    {
        ceiling {140}
        floor {70}
    }
}
